// Jest Snapshot v1, https://goo.gl/fbAQLP

exports[`<AddDishes /> renders AddReceipt page correctly 1`] = `
  <View>
    <View>
      <Text>Add your Dish:</Text>
      <NameInput />
      <PriceInput />
      <SubmitButton />
    </View>
  </View>
`;
